<?xml version="1.0" encoding="ISO-8859-1" standalone="yes"?>
<testcase>
  <expectedValue_0><![CDATA[{"INPUT":{"VAR1":32,"VAR2":22}}]]></expectedValue_0>
</testcase>