<?xml version="1.0" encoding="ISO-8859-1" standalone="yes"?>
<testcase>
  <expectedValue_0><![CDATA[{"INPUT":{"P_VAR1":12,"P_VAR2":2121,"P_RESULT":0}}]]></expectedValue_0>
</testcase>