<?xml version="1.0" encoding="ISO-8859-1" standalone="yes"?>
<testcase>
  <expectedValue_0><![CDATA[{"INPUT":{"P_VAR1":0,"P_VAR2":0},"OUTPUT":{"Rtn_xxVar":0}}]]></expectedValue_0>
</testcase>