<?xml version="1.0" encoding="ISO-8859-1" standalone="yes"?>
<testcase>
   <expectedValue_0><![CDATA[{"INPUT":{"P_VAR1":2,"P_VAR2":2,"P_RESULT":4}}]]></expectedValue_0>
   <expectedValue_1><![CDATA[{"INPUT":{"P_VAR1":9,"P_VAR2":9,"P_RESULT":0}}]]></expectedValue_1>
</testcase>