<?xml version="1.0" encoding="ISO-8859-1" standalone="yes"?>
<testcase>
  <expectedValue_0><![CDATA[{"INPUT":{"VAR1":0,"VAR2":0}}]]></expectedValue_0>
<expectedValue_1><![CDATA[{"INPUT":{"VAR1":0,"VAR2":0}}]]></expectedValue_1></testcase>